// Jest Snapshot v1, https://goo.gl/fbAQLP

exports[`color-picker render 1`] = `"<div><div class=\\"nova-color-picker\\"><div class=\\"nova-color-picker-trigger\\"><div class=\\"nova-color-picker-trigger-inner\\" style=\\"background-color: rgb(255, 0, 0);\\"></div></div><!----></div></div>"`;

exports[`color-picker render 2`] = `"<div><div class=\\"nova-color-picker\\"><div class=\\"nova-color-picker-trigger\\"><div class=\\"nova-color-picker-trigger-inner\\" style=\\"background-color: rgba(128, 128, 128, 0.5);\\"></div></div><!--teleport start--><div class=\\"nova-color-picker-panel\\" style=\\"left: 0px; top: 0px;\\"><div class=\\"nova-color-picker-hsv\\" style=\\"background-color: rgb(255, 0, 0);\\"><div class=\\"nova-color-picker-saturation\\"></div><div class=\\"nova-color-picker-value\\"></div><div class=\\"nova-color-picker-cursor\\" style=\\"transform: translate(0px, 99.61px);\\"></div></div><div class=\\"nova-color-picker-slides\\"><div class=\\"nova-color-picker-hue-slide\\"><div class=\\"nova-color-picker-hue-bar\\"></div><div class=\\"nova-color-picker-hue-thumb\\" style=\\"transform: translate(0, 0px);\\"></div></div><div class=\\"nova-color-picker-alpha-slide\\"><div class=\\"nova-color-picker-alpha-bar\\"></div><div class=\\"nova-color-picker-alpha-thumb\\" style=\\"transform: translate(0, 99.61px);\\"></div></div></div><div class=\\"nova-color-picker-form\\"><div class=\\"nova-color-picker-labels\\"><label class=\\"nova-color-picker-label\\"><div class=\\"nova-color-picker-label-text\\">R</div><div class=\\"nova-color-picker-number\\"><input></div></label><label class=\\"nova-color-picker-label\\"><div class=\\"nova-color-picker-label-text\\">G</div><div class=\\"nova-color-picker-number\\"><input></div></label><label class=\\"nova-color-picker-label\\"><div class=\\"nova-color-picker-label-text\\">B</div><div class=\\"nova-color-picker-number\\"><input></div></label><label class=\\"nova-color-picker-label\\"><div class=\\"nova-color-picker-label-text\\">A</div><div class=\\"nova-color-picker-number\\"><input></div></label></div><div class=\\"nova-color-picker-output\\"><div class=\\"nova-color-picker-hex\\"><input></div></div><div class=\\"nova-color-picker-labels-switch\\"></div></div><div class=\\"nova-color-picker-preview\\"><div class=\\"nova-color-picker-preview-fill-left\\"></div><div class=\\"nova-color-picker-preview-fill-right\\"></div><div class=\\"nova-color-picker-preview-prev\\" style=\\"background-color: rgba(128, 128, 128, 0.5);\\"></div><div class=\\"nova-color-picker-preview-curr\\" style=\\"background-color: rgba(128, 128, 128, 0.5);\\"></div></div></div><!--teleport end--></div></div>"`;
