// Jest Snapshot v1, https://goo.gl/fbAQLP

exports[`color-picker alpha 1`] = `"<div><span id=\\"print\\">#80808080</span><button id=\\"toggle\\"></button><div class=\\"nova-color-picker\\" data-nova-theme=\\"light\\"><div class=\\"nova-color-picker-trigger\\" tabindex=\\"0\\"><div class=\\"nova-color-picker-trigger-inner\\" style=\\"background-color: rgba(128, 128, 128, 0.5);\\"></div></div><!--teleport start--><div data-nova-theme=\\"light\\" class=\\"nova-color-picker-panel  nova-color-picker-panel-has-alpha\\" style=\\"left: 0px; top: 0px;\\"><div class=\\"nova-color-picker-hsv\\" style=\\"background-color: rgb(255, 0, 0);\\"><div class=\\"nova-color-picker-saturation\\"></div><div class=\\"nova-color-picker-value\\"></div><div class=\\"nova-color-picker-cursor\\" style=\\"transform: translate(0px, 99.61px);\\"></div></div><div class=\\"nova-color-picker-slides\\"><div class=\\"nova-color-picker-hue-slide\\"><div class=\\"nova-color-picker-hue-bar\\"></div><div class=\\"nova-color-picker-hue-thumb\\" style=\\"transform: translate(0, 0px);\\"></div></div><div class=\\"nova-color-picker-alpha-slide\\"><div class=\\"nova-color-picker-alpha-bar\\"></div><div class=\\"nova-color-picker-alpha-thumb\\" style=\\"transform: translate(0, 99.61px);\\"></div></div></div><div class=\\"nova-color-picker-form\\"><div class=\\"nova-color-picker-labels\\"><label class=\\"nova-color-picker-label\\"><div class=\\"nova-color-picker-label-text\\">R</div><div class=\\"nova-color-picker-number\\"><input type=\\"text\\"></div></label><label class=\\"nova-color-picker-label\\"><div class=\\"nova-color-picker-label-text\\">G</div><div class=\\"nova-color-picker-number\\"><input type=\\"text\\"></div></label><label class=\\"nova-color-picker-label\\"><div class=\\"nova-color-picker-label-text\\">B</div><div class=\\"nova-color-picker-number\\"><input type=\\"text\\"></div></label><label class=\\"nova-color-picker-label\\"><div class=\\"nova-color-picker-label-text\\">A</div><div class=\\"nova-color-picker-number\\"><input type=\\"text\\"></div></label></div><div class=\\"nova-color-picker-labels-switch\\"></div><div class=\\"nova-color-picker-output\\"><div class=\\"nova-color-picker-hex\\"><input type=\\"text\\"></div></div></div><div class=\\"nova-color-picker-preview\\"><div class=\\"nova-color-picker-preview-fill-left\\"></div><div class=\\"nova-color-picker-preview-fill-right\\"></div><div class=\\"nova-color-picker-preview-prev\\" style=\\"background-color: rgba(128, 128, 128, 0.5);\\"></div><div class=\\"nova-color-picker-preview-curr\\" style=\\"background-color: rgba(128, 128, 128, 0.5);\\"></div></div><!----></div><!--teleport end--></div></div>"`;

exports[`color-picker alpha 2`] = `"<div><span id=\\"print\\">#80808080</span><button id=\\"toggle\\"></button><div class=\\"nova-color-picker\\" data-nova-theme=\\"light\\"><div class=\\"nova-color-picker-trigger\\" tabindex=\\"0\\"><div class=\\"nova-color-picker-trigger-inner\\" style=\\"background-color: rgba(128, 128, 128, 0);\\"></div></div><!--teleport start--><div data-nova-theme=\\"light\\" class=\\"nova-color-picker-panel  nova-color-picker-panel-has-alpha\\" style=\\"left: 0px; top: 0px; opacity: 0; transform: translate(0px, 0px) scale(1, 1) ; pointer-events: none;\\"><div class=\\"nova-color-picker-hsv\\" style=\\"background-color: rgb(255, 0, 0);\\"><div class=\\"nova-color-picker-saturation\\"></div><div class=\\"nova-color-picker-value\\"></div><div class=\\"nova-color-picker-cursor\\" style=\\"transform: translate(0px, 99.61px);\\"></div></div><div class=\\"nova-color-picker-slides\\"><div class=\\"nova-color-picker-hue-slide\\"><div class=\\"nova-color-picker-hue-bar\\"></div><div class=\\"nova-color-picker-hue-thumb\\" style=\\"transform: translate(0, 0px);\\"></div></div><div class=\\"nova-color-picker-alpha-slide\\"><div class=\\"nova-color-picker-alpha-bar\\"></div><div class=\\"nova-color-picker-alpha-thumb\\" style=\\"transform: translate(0, 200px);\\"></div></div></div><div class=\\"nova-color-picker-form\\"><div class=\\"nova-color-picker-labels\\"><label class=\\"nova-color-picker-label\\"><div class=\\"nova-color-picker-label-text\\">R</div><div class=\\"nova-color-picker-number\\"><input type=\\"text\\"></div></label><label class=\\"nova-color-picker-label\\"><div class=\\"nova-color-picker-label-text\\">G</div><div class=\\"nova-color-picker-number\\"><input type=\\"text\\"></div></label><label class=\\"nova-color-picker-label\\"><div class=\\"nova-color-picker-label-text\\">B</div><div class=\\"nova-color-picker-number\\"><input type=\\"text\\"></div></label><label class=\\"nova-color-picker-label\\"><div class=\\"nova-color-picker-label-text\\">A</div><div class=\\"nova-color-picker-number\\"><input type=\\"text\\"></div></label></div><div class=\\"nova-color-picker-labels-switch\\"></div><div class=\\"nova-color-picker-output\\"><div class=\\"nova-color-picker-hex\\"><input type=\\"text\\"></div></div></div><div class=\\"nova-color-picker-preview\\"><div class=\\"nova-color-picker-preview-fill-left\\"></div><div class=\\"nova-color-picker-preview-fill-right\\"></div><div class=\\"nova-color-picker-preview-prev\\" style=\\"background-color: rgba(128, 128, 128, 0.5);\\"></div><div class=\\"nova-color-picker-preview-curr\\" style=\\"background-color: rgba(128, 128, 128, 0);\\"></div></div><!----></div><!--teleport end--></div></div>"`;

exports[`color-picker alpha 3`] = `"<div><span id=\\"print\\">#80808000</span><button id=\\"toggle\\"></button><div class=\\"nova-color-picker\\" data-nova-theme=\\"light\\"><div class=\\"nova-color-picker-trigger\\" tabindex=\\"0\\"><div class=\\"nova-color-picker-trigger-inner\\" style=\\"background-color: rgb(128, 128, 128);\\"></div></div><!--teleport start--><div data-nova-theme=\\"light\\" class=\\"nova-color-picker-panel\\" style=\\"left: 0px; top: 0px; opacity: 0; transform: translate(0px, 0px) scale(1, 1) ; pointer-events: none;\\"><div class=\\"nova-color-picker-hsv\\" style=\\"background-color: rgb(255, 0, 0);\\"><div class=\\"nova-color-picker-saturation\\"></div><div class=\\"nova-color-picker-value\\"></div><div class=\\"nova-color-picker-cursor\\" style=\\"transform: translate(0px, 99.61px);\\"></div></div><div class=\\"nova-color-picker-slides\\"><div class=\\"nova-color-picker-hue-slide\\"><div class=\\"nova-color-picker-hue-bar\\"></div><div class=\\"nova-color-picker-hue-thumb\\" style=\\"transform: translate(0, 0px);\\"></div></div><!----></div><div class=\\"nova-color-picker-form\\"><div class=\\"nova-color-picker-labels\\"><label class=\\"nova-color-picker-label\\"><div class=\\"nova-color-picker-label-text\\">R</div><div class=\\"nova-color-picker-number\\"><input type=\\"text\\"></div></label><label class=\\"nova-color-picker-label\\"><div class=\\"nova-color-picker-label-text\\">G</div><div class=\\"nova-color-picker-number\\"><input type=\\"text\\"></div></label><label class=\\"nova-color-picker-label\\"><div class=\\"nova-color-picker-label-text\\">B</div><div class=\\"nova-color-picker-number\\"><input type=\\"text\\"></div></label><!----></div><div class=\\"nova-color-picker-labels-switch\\"></div><div class=\\"nova-color-picker-output\\"><div class=\\"nova-color-picker-hex\\"><input type=\\"text\\"></div></div></div><div class=\\"nova-color-picker-preview\\"><div class=\\"nova-color-picker-preview-fill-left\\"></div><div class=\\"nova-color-picker-preview-fill-right\\"></div><div class=\\"nova-color-picker-preview-prev\\" style=\\"background-color: rgba(128, 128, 128, 0);\\"></div><div class=\\"nova-color-picker-preview-curr\\" style=\\"background-color: rgb(128, 128, 128);\\"></div></div><!----></div><!--teleport end--></div></div>"`;

exports[`color-picker change value 1`] = `"<div><span id=\\"print\\">#808080</span><div class=\\"nova-color-picker\\" data-nova-theme=\\"light\\"><div class=\\"nova-color-picker-trigger\\" tabindex=\\"0\\"><div class=\\"nova-color-picker-trigger-inner\\" style=\\"background-color: rgb(64, 128, 128);\\"></div></div><!--teleport start--><div data-nova-theme=\\"light\\" class=\\"nova-color-picker-panel\\" style=\\"left: 0px; top: 0px; opacity: 0; transform: translate(0px, 0px) scale(1, 1) ; pointer-events: none;\\"><div class=\\"nova-color-picker-hsv\\" style=\\"background-color: rgb(0, 255, 255);\\"><div class=\\"nova-color-picker-saturation\\"></div><div class=\\"nova-color-picker-value\\"></div><div class=\\"nova-color-picker-cursor\\" style=\\"transform: translate(100px, 100px);\\"></div></div><div class=\\"nova-color-picker-slides\\"><div class=\\"nova-color-picker-hue-slide\\"><div class=\\"nova-color-picker-hue-bar\\"></div><div class=\\"nova-color-picker-hue-thumb\\" style=\\"transform: translate(0, 100px);\\"></div></div><!----></div><div class=\\"nova-color-picker-form\\"><div class=\\"nova-color-picker-labels\\"><label class=\\"nova-color-picker-label\\"><div class=\\"nova-color-picker-label-text\\">R</div><div class=\\"nova-color-picker-number\\"><input type=\\"text\\"></div></label><label class=\\"nova-color-picker-label\\"><div class=\\"nova-color-picker-label-text\\">G</div><div class=\\"nova-color-picker-number\\"><input type=\\"text\\"></div></label><label class=\\"nova-color-picker-label\\"><div class=\\"nova-color-picker-label-text\\">B</div><div class=\\"nova-color-picker-number\\"><input type=\\"text\\"></div></label><!----></div><div class=\\"nova-color-picker-labels-switch\\"></div><div class=\\"nova-color-picker-output\\"><div class=\\"nova-color-picker-hex\\"><input type=\\"text\\"></div></div></div><div class=\\"nova-color-picker-preview\\"><div class=\\"nova-color-picker-preview-fill-left\\"></div><div class=\\"nova-color-picker-preview-fill-right\\"></div><div class=\\"nova-color-picker-preview-prev\\" style=\\"background-color: rgb(128, 128, 128);\\"></div><div class=\\"nova-color-picker-preview-curr\\" style=\\"background-color: rgb(64, 128, 128);\\"></div></div><!----></div><!--teleport end--></div></div>"`;

exports[`color-picker change value 2`] = `"<div><span id=\\"print\\">#408080</span><div class=\\"nova-color-picker\\" data-nova-theme=\\"light\\"><div class=\\"nova-color-picker-trigger\\" tabindex=\\"0\\"><div class=\\"nova-color-picker-trigger-inner\\" style=\\"background-color: rgb(64, 128, 128);\\"></div></div><!--teleport start--><div data-nova-theme=\\"light\\" class=\\"nova-color-picker-panel\\" style=\\"left: 0px; top: 0px; opacity: 0; transform: translate(0px, 0px) scale(1, 1) ; pointer-events: none; transition: transform 300ms var(--nova-bezier-out-cubic), opacity 300ms var(--nova-bezier-out-cubic);\\"><div class=\\"nova-color-picker-hsv\\" style=\\"background-color: rgb(0, 255, 255);\\"><div class=\\"nova-color-picker-saturation\\"></div><div class=\\"nova-color-picker-value\\"></div><div class=\\"nova-color-picker-cursor\\" style=\\"transform: translate(100px, 99.61px);\\"></div></div><div class=\\"nova-color-picker-slides\\"><div class=\\"nova-color-picker-hue-slide\\"><div class=\\"nova-color-picker-hue-bar\\"></div><div class=\\"nova-color-picker-hue-thumb\\" style=\\"transform: translate(0, 100px);\\"></div></div><!----></div><div class=\\"nova-color-picker-form\\"><div class=\\"nova-color-picker-labels\\"><label class=\\"nova-color-picker-label\\"><div class=\\"nova-color-picker-label-text\\">R</div><div class=\\"nova-color-picker-number\\"><input type=\\"text\\"></div></label><label class=\\"nova-color-picker-label\\"><div class=\\"nova-color-picker-label-text\\">G</div><div class=\\"nova-color-picker-number\\"><input type=\\"text\\"></div></label><label class=\\"nova-color-picker-label\\"><div class=\\"nova-color-picker-label-text\\">B</div><div class=\\"nova-color-picker-number\\"><input type=\\"text\\"></div></label><!----></div><div class=\\"nova-color-picker-labels-switch\\"></div><div class=\\"nova-color-picker-output\\"><div class=\\"nova-color-picker-hex\\"><input type=\\"text\\"></div></div></div><div class=\\"nova-color-picker-preview\\"><div class=\\"nova-color-picker-preview-fill-left\\"></div><div class=\\"nova-color-picker-preview-fill-right\\"></div><div class=\\"nova-color-picker-preview-prev\\" style=\\"background-color: rgb(64, 128, 128);\\"></div><div class=\\"nova-color-picker-preview-curr\\" style=\\"background-color: rgb(64, 128, 128);\\"></div></div><!----></div><!--teleport end--></div></div>"`;

exports[`color-picker class 1`] = `"<div><div class=\\"nova-color-picker array-class object-class\\" data-nova-theme=\\"light\\"><div class=\\"nova-color-picker-trigger\\" tabindex=\\"0\\"><div class=\\"nova-color-picker-trigger-inner\\" style=\\"background-color: rgb(128, 128, 128);\\"></div></div><!--teleport start--><div data-nova-theme=\\"light\\" class=\\"nova-color-picker-panel array-dropdown-class object-dropdown-class\\" style=\\"left: 0px; top: 0px;\\"><div class=\\"nova-color-picker-hsv\\" style=\\"background-color: rgb(255, 0, 0);\\"><div class=\\"nova-color-picker-saturation\\"></div><div class=\\"nova-color-picker-value\\"></div><div class=\\"nova-color-picker-cursor\\" style=\\"transform: translate(0px, 99.61px);\\"></div></div><div class=\\"nova-color-picker-slides\\"><div class=\\"nova-color-picker-hue-slide\\"><div class=\\"nova-color-picker-hue-bar\\"></div><div class=\\"nova-color-picker-hue-thumb\\" style=\\"transform: translate(0, 0px);\\"></div></div><!----></div><div class=\\"nova-color-picker-form\\"><div class=\\"nova-color-picker-labels\\"><label class=\\"nova-color-picker-label\\"><div class=\\"nova-color-picker-label-text\\">R</div><div class=\\"nova-color-picker-number\\"><input type=\\"text\\"></div></label><label class=\\"nova-color-picker-label\\"><div class=\\"nova-color-picker-label-text\\">G</div><div class=\\"nova-color-picker-number\\"><input type=\\"text\\"></div></label><label class=\\"nova-color-picker-label\\"><div class=\\"nova-color-picker-label-text\\">B</div><div class=\\"nova-color-picker-number\\"><input type=\\"text\\"></div></label><!----></div><div class=\\"nova-color-picker-labels-switch\\"></div><div class=\\"nova-color-picker-output\\"><div class=\\"nova-color-picker-hex\\"><input type=\\"text\\"></div></div></div><div class=\\"nova-color-picker-preview\\"><div class=\\"nova-color-picker-preview-fill-left\\"></div><div class=\\"nova-color-picker-preview-fill-right\\"></div><div class=\\"nova-color-picker-preview-prev\\" style=\\"background-color: rgb(128, 128, 128);\\"></div><div class=\\"nova-color-picker-preview-curr\\" style=\\"background-color: rgb(128, 128, 128);\\"></div></div><!----></div><!--teleport end--></div></div>"`;

exports[`color-picker disabled 1`] = `"<div><button id=\\"toggle\\"></button><div class=\\"nova-color-picker nova-color-picker-disabled\\" data-nova-theme=\\"light\\"><div class=\\"nova-color-picker-trigger\\" tabindex=\\"0\\"><div class=\\"nova-color-picker-trigger-inner\\" style=\\"background-color: rgb(128, 128, 128);\\"></div></div><!----></div></div>"`;

exports[`color-picker disabled 2`] = `"<div><button id=\\"toggle\\"></button><div class=\\"nova-color-picker\\" data-nova-theme=\\"light\\"><div class=\\"nova-color-picker-trigger\\" tabindex=\\"0\\"><div class=\\"nova-color-picker-trigger-inner\\" style=\\"background-color: rgb(128, 128, 128);\\"></div></div><!--teleport start--><div data-nova-theme=\\"light\\" class=\\"nova-color-picker-panel\\" style=\\"left: 0px; top: 0px;\\"><div class=\\"nova-color-picker-hsv\\" style=\\"background-color: rgb(255, 0, 0);\\"><div class=\\"nova-color-picker-saturation\\"></div><div class=\\"nova-color-picker-value\\"></div><div class=\\"nova-color-picker-cursor\\" style=\\"transform: translate(0px, 99.61px);\\"></div></div><div class=\\"nova-color-picker-slides\\"><div class=\\"nova-color-picker-hue-slide\\"><div class=\\"nova-color-picker-hue-bar\\"></div><div class=\\"nova-color-picker-hue-thumb\\" style=\\"transform: translate(0, 0px);\\"></div></div><!----></div><div class=\\"nova-color-picker-form\\"><div class=\\"nova-color-picker-labels\\"><label class=\\"nova-color-picker-label\\"><div class=\\"nova-color-picker-label-text\\">R</div><div class=\\"nova-color-picker-number\\"><input type=\\"text\\"></div></label><label class=\\"nova-color-picker-label\\"><div class=\\"nova-color-picker-label-text\\">G</div><div class=\\"nova-color-picker-number\\"><input type=\\"text\\"></div></label><label class=\\"nova-color-picker-label\\"><div class=\\"nova-color-picker-label-text\\">B</div><div class=\\"nova-color-picker-number\\"><input type=\\"text\\"></div></label><!----></div><div class=\\"nova-color-picker-labels-switch\\"></div><div class=\\"nova-color-picker-output\\"><div class=\\"nova-color-picker-hex\\"><input type=\\"text\\"></div></div></div><div class=\\"nova-color-picker-preview\\"><div class=\\"nova-color-picker-preview-fill-left\\"></div><div class=\\"nova-color-picker-preview-fill-right\\"></div><div class=\\"nova-color-picker-preview-prev\\" style=\\"background-color: rgb(128, 128, 128);\\"></div><div class=\\"nova-color-picker-preview-curr\\" style=\\"background-color: rgb(128, 128, 128);\\"></div></div><!----></div><!--teleport end--></div></div>"`;

exports[`color-picker preset 1`] = `"<div><span id=\\"print\\">#80808080</span><div class=\\"nova-color-picker\\" data-nova-theme=\\"light\\"><div class=\\"nova-color-picker-trigger\\" tabindex=\\"0\\"><div class=\\"nova-color-picker-trigger-inner\\" style=\\"background-color: rgba(128, 128, 128, 0.5);\\"></div></div><!--teleport start--><div data-nova-theme=\\"light\\" class=\\"nova-color-picker-panel  nova-color-picker-panel-has-alpha\\" style=\\"left: 0px; top: 0px;\\"><div class=\\"nova-color-picker-hsv\\" style=\\"background-color: rgb(255, 0, 0);\\"><div class=\\"nova-color-picker-saturation\\"></div><div class=\\"nova-color-picker-value\\"></div><div class=\\"nova-color-picker-cursor\\" style=\\"transform: translate(0px, 99.61px);\\"></div></div><div class=\\"nova-color-picker-slides\\"><div class=\\"nova-color-picker-hue-slide\\"><div class=\\"nova-color-picker-hue-bar\\"></div><div class=\\"nova-color-picker-hue-thumb\\" style=\\"transform: translate(0, 0px);\\"></div></div><div class=\\"nova-color-picker-alpha-slide\\"><div class=\\"nova-color-picker-alpha-bar\\"></div><div class=\\"nova-color-picker-alpha-thumb\\" style=\\"transform: translate(0, 99.61px);\\"></div></div></div><div class=\\"nova-color-picker-form\\"><div class=\\"nova-color-picker-labels\\"><label class=\\"nova-color-picker-label\\"><div class=\\"nova-color-picker-label-text\\">R</div><div class=\\"nova-color-picker-number\\"><input type=\\"text\\"></div></label><label class=\\"nova-color-picker-label\\"><div class=\\"nova-color-picker-label-text\\">G</div><div class=\\"nova-color-picker-number\\"><input type=\\"text\\"></div></label><label class=\\"nova-color-picker-label\\"><div class=\\"nova-color-picker-label-text\\">B</div><div class=\\"nova-color-picker-number\\"><input type=\\"text\\"></div></label><label class=\\"nova-color-picker-label\\"><div class=\\"nova-color-picker-label-text\\">A</div><div class=\\"nova-color-picker-number\\"><input type=\\"text\\"></div></label></div><div class=\\"nova-color-picker-labels-switch\\"></div><div class=\\"nova-color-picker-output\\"><div class=\\"nova-color-picker-hex\\"><input type=\\"text\\"></div></div></div><div class=\\"nova-color-picker-preview\\"><div class=\\"nova-color-picker-preview-fill-left\\"></div><div class=\\"nova-color-picker-preview-fill-right\\"></div><div class=\\"nova-color-picker-preview-prev\\" style=\\"background-color: rgba(128, 128, 128, 0.5);\\"></div><div class=\\"nova-color-picker-preview-curr\\" style=\\"background-color: rgba(128, 128, 128, 0.5);\\"></div></div><div class=\\"nova-color-picker-preset-list\\"><div class=\\"nova-color-picker-preset\\"><div class=\\"nova-color-picker-preset-inner\\" style=\\"background-color: rgb(255, 165, 0);\\"></div></div><div class=\\"nova-color-picker-preset\\"><div class=\\"nova-color-picker-preset-inner\\" style=\\"background-color: rgb(102, 51, 153);\\"></div></div></div></div><!--teleport end--></div></div>"`;

exports[`color-picker render 1`] = `"<div><div class=\\"nova-color-picker\\" data-nova-theme=\\"light\\"><div class=\\"nova-color-picker-trigger\\" tabindex=\\"0\\"><div class=\\"nova-color-picker-trigger-inner\\" style=\\"background-color: rgb(255, 0, 0);\\"></div></div><!----></div></div>"`;

exports[`color-picker render 2`] = `"<div><div class=\\"nova-color-picker\\" data-nova-theme=\\"light\\"><div class=\\"nova-color-picker-trigger\\" tabindex=\\"0\\"><div class=\\"nova-color-picker-trigger-inner\\" style=\\"background-color: rgb(128, 128, 128);\\"></div></div><!--teleport start--><div data-nova-theme=\\"light\\" class=\\"nova-color-picker-panel\\" style=\\"left: 0px; top: 0px;\\"><div class=\\"nova-color-picker-hsv\\" style=\\"background-color: rgb(255, 0, 0);\\"><div class=\\"nova-color-picker-saturation\\"></div><div class=\\"nova-color-picker-value\\"></div><div class=\\"nova-color-picker-cursor\\" style=\\"transform: translate(0px, 99.61px);\\"></div></div><div class=\\"nova-color-picker-slides\\"><div class=\\"nova-color-picker-hue-slide\\"><div class=\\"nova-color-picker-hue-bar\\"></div><div class=\\"nova-color-picker-hue-thumb\\" style=\\"transform: translate(0, 0px);\\"></div></div><!----></div><div class=\\"nova-color-picker-form\\"><div class=\\"nova-color-picker-labels\\"><label class=\\"nova-color-picker-label\\"><div class=\\"nova-color-picker-label-text\\">R</div><div class=\\"nova-color-picker-number\\"><input type=\\"text\\"></div></label><label class=\\"nova-color-picker-label\\"><div class=\\"nova-color-picker-label-text\\">G</div><div class=\\"nova-color-picker-number\\"><input type=\\"text\\"></div></label><label class=\\"nova-color-picker-label\\"><div class=\\"nova-color-picker-label-text\\">B</div><div class=\\"nova-color-picker-number\\"><input type=\\"text\\"></div></label><!----></div><div class=\\"nova-color-picker-labels-switch\\"></div><div class=\\"nova-color-picker-output\\"><div class=\\"nova-color-picker-hex\\"><input type=\\"text\\"></div></div></div><div class=\\"nova-color-picker-preview\\"><div class=\\"nova-color-picker-preview-fill-left\\"></div><div class=\\"nova-color-picker-preview-fill-right\\"></div><div class=\\"nova-color-picker-preview-prev\\" style=\\"background-color: rgb(128, 128, 128);\\"></div><div class=\\"nova-color-picker-preview-curr\\" style=\\"background-color: rgb(128, 128, 128);\\"></div></div><!----></div><!--teleport end--></div></div>"`;

exports[`color-picker teleport to body 1`] = `"<div><button id=\\"toggle\\"></button><div class=\\"nova-color-picker\\" data-nova-theme=\\"light\\"><div class=\\"nova-color-picker-trigger\\" tabindex=\\"0\\"><div class=\\"nova-color-picker-trigger-inner\\" style=\\"background-color: rgb(128, 128, 128);\\"></div></div><!--teleport start--><!--teleport end--></div></div>"`;

exports[`color-picker teleport to body 2`] = `"<div><button id=\\"toggle\\"></button><div class=\\"nova-color-picker\\" data-nova-theme=\\"light\\"><div class=\\"nova-color-picker-trigger\\" tabindex=\\"0\\"><div class=\\"nova-color-picker-trigger-inner\\" style=\\"background-color: rgb(128, 128, 128);\\"></div></div><!--teleport start--><div data-nova-theme=\\"light\\" class=\\"nova-color-picker-panel\\" style=\\"left: 0px; top: 0px;\\"><div class=\\"nova-color-picker-hsv\\" style=\\"background-color: rgb(255, 0, 0);\\"><div class=\\"nova-color-picker-saturation\\"></div><div class=\\"nova-color-picker-value\\"></div><div class=\\"nova-color-picker-cursor\\" style=\\"transform: translate(0px, 99.61px);\\"></div></div><div class=\\"nova-color-picker-slides\\"><div class=\\"nova-color-picker-hue-slide\\"><div class=\\"nova-color-picker-hue-bar\\"></div><div class=\\"nova-color-picker-hue-thumb\\" style=\\"transform: translate(0, 0px);\\"></div></div><!----></div><div class=\\"nova-color-picker-form\\"><div class=\\"nova-color-picker-labels\\"><label class=\\"nova-color-picker-label\\"><div class=\\"nova-color-picker-label-text\\">R</div><div class=\\"nova-color-picker-number\\"><input type=\\"text\\"></div></label><label class=\\"nova-color-picker-label\\"><div class=\\"nova-color-picker-label-text\\">G</div><div class=\\"nova-color-picker-number\\"><input type=\\"text\\"></div></label><label class=\\"nova-color-picker-label\\"><div class=\\"nova-color-picker-label-text\\">B</div><div class=\\"nova-color-picker-number\\"><input type=\\"text\\"></div></label><!----></div><div class=\\"nova-color-picker-labels-switch\\"></div><div class=\\"nova-color-picker-output\\"><div class=\\"nova-color-picker-hex\\"><input type=\\"text\\"></div></div></div><div class=\\"nova-color-picker-preview\\"><div class=\\"nova-color-picker-preview-fill-left\\"></div><div class=\\"nova-color-picker-preview-fill-right\\"></div><div class=\\"nova-color-picker-preview-prev\\" style=\\"background-color: rgb(128, 128, 128);\\"></div><div class=\\"nova-color-picker-preview-curr\\" style=\\"background-color: rgb(128, 128, 128);\\"></div></div><!----></div><!--teleport end--></div></div>"`;
